// Jest Snapshot v1, https://goo.gl/fbAQLP

exports[`should render dashboard page with expenses 1`] = `
<div>
  Dashboard Page Content
</div>
`;
